2026-04-02 19:43:44,925 - BEE-EPT-UA913 - INFO - [AUTOPILOT STARTED]
2026-04-02 19:43:46,926 - BEE-EPT-UA913 - INFO - MSP connection is established: '/dev/serial0'
2026-04-02 19:43:46,927 - BEE-EPT-UA913 - DEBUG - Executing command: INIT, Priority: 0, Body: {}
2026-04-02 19:43:46,928 - BEE-EPT-UA913 - INFO - Initializing autopilot
2026-04-02 19:43:49,927 - BEE-EPT-UA913 - INFO - Telemetry: attempting to connect with '/dev/serial0'
2026-04-02 19:43:49,927 - BEE-EPT-UA913 - INFO - Telemetry: connected with '/dev/serial0'
2026-04-02 19:43:49,928 - BEE-EPT-UA913 - DEBUG - Executing command: TELEMETRY, Priority: 1, Body: {'target': 'MSP_RC'}
2026-04-02 19:43:49,935 - BEE-EPT-UA913 - DEBUG - Telemetry: b'\xdc\x05\xdc\x05\xdc\x05u\x03\xf5\x05\xdc\x05\xdc\x05\xdc\x05\xdc\x05\xdc\x05\xdc\x05\xdc\x05\xdc\x05\xdc\x05\xdc\x05\xdc\x05'
2026-04-02 19:43:49,937 - BEE-EPT-UA913 - INFO - Bee state changed to [READY]
2026-04-02 19:43:49,939 - BEE-EPT-UA913 - INFO - Autopilot state: {'connection': True, 'bee_state': 'READY', 'roll': 1500, 'pitch': 1500, 'yaw': 1500, 'throttle': 885, 'last_manual_roll': 1500, 'last_manual_pitch': 1500, 'last_manual_yaw': 1500, 'last_manual_throttle': 885, 'aux3': 1500, 'aux4': 1500, 'aux5': 1500, 'aux6': 1500, 'aux7': 1500, 'battery': 0, 'rssi': 0, 'rssi_msg': 'No signal', 'speed': 0, 'altitude': 0, 'caught': True, 'ready_hold_active': False, 'ready_hold_pending_capture': False, 'ready_hold_roll': 1500, 'ready_hold_pitch': 1500, 'ready_hold_yaw': 1500, 'ready_hold_throttle': 1100, 'target_locked': False, 'tracking_bbox': None, 'attack_error_x': 0.0, 'attack_error_y': 0.0, 'target_size': 0.0, 'attack_active': False, 'attack_base_roll': 1500, 'attack_base_pitch': 1500, 'attack_base_yaw': 1500, 'attack_base_throttle': 1100, 'prev_attack_error_x': 0.0, 'prev_attack_time': None, 'prev_target_size': 0.0}
2026-04-02 19:43:50,085 - BEE-EPT-UA913 - DEBUG - Executing command: TELEMETRY, Priority: 1, Body: {'target': 'MSP_RC'}
2026-04-02 19:43:50,095 - BEE-EPT-UA913 - DEBUG - Telemetry: b'\xdc\x05\xdc\x05\xdc\x05u\x03\xf5\x05\xdc\x05\xdc\x05\xdc\x05\xdc\x05\xdc\x05\xdc\x05\xdc\x05\xdc\x05\xdc\x05\xdc\x05\xdc\x05'
2026-04-02 19:43:50,096 - BEE-EPT-UA913 - INFO - Autopilot state: {'connection': True, 'bee_state': 'READY', 'roll': 1500, 'pitch': 1500, 'yaw': 1500, 'throttle': 885, 'last_manual_roll': 1500, 'last_manual_pitch': 1500, 'last_manual_yaw': 1500, 'last_manual_throttle': 885, 'aux3': 1500, 'aux4': 1500, 'aux5': 1500, 'aux6': 1500, 'aux7': 1500, 'battery': 0, 'rssi': 0, 'rssi_msg': 'No signal', 'speed': 0, 'altitude': 0, 'caught': True, 'ready_hold_active': False, 'ready_hold_pending_capture': False, 'ready_hold_roll': 1500, 'ready_hold_pitch': 1500, 'ready_hold_yaw': 1500, 'ready_hold_throttle': 1100, 'target_locked': False, 'tracking_bbox': None, 'attack_error_x': 0.0, 'attack_error_y': 0.0, 'target_size': 0.0, 'attack_active': False, 'attack_base_roll': 1500, 'attack_base_pitch': 1500, 'attack_base_yaw': 1500, 'attack_base_throttle': 1100, 'prev_attack_error_x': 0.0, 'prev_attack_time': None, 'prev_target_size': 0.0}
2026-04-02 19:43:50,146 - BEE-EPT-UA913 - DEBUG - Executing command: TELEMETRY, Priority: 2, Body: {'target': 'MSP_ALTITUDE'}
2026-04-02 19:43:50,153 - BEE-EPT-UA913 - DEBUG - Telemetry: b'T\x00\x00\x00\x00\x00'
2026-04-02 19:43:50,154 - BEE-EPT-UA913 - INFO - Autopilot state: {'connection': True, 'bee_state': 'READY', 'roll': 1500, 'pitch': 1500, 'yaw': 1500, 'throttle': 885, 'last_manual_roll': 1500, 'last_manual_pitch': 1500, 'last_manual_yaw': 1500, 'last_manual_throttle': 885, 'aux3': 1500, 'aux4': 1500, 'aux5': 1500, 'aux6': 1500, 'aux7': 1500, 'battery': 0, 'rssi': 0, 'rssi_msg': 'No signal', 'speed': 0.0, 'altitude': 0.84, 'caught': True, 'ready_hold_active': False, 'ready_hold_pending_capture': False, 'ready_hold_roll': 1500, 'ready_hold_pitch': 1500, 'ready_hold_yaw': 1500, 'ready_hold_throttle': 1100, 'target_locked': False, 'tracking_bbox': None, 'attack_error_x': 0.0, 'attack_error_y': 0.0, 'target_size': 0.0, 'attack_active': False, 'attack_base_roll': 1500, 'attack_base_pitch': 1500, 'attack_base_yaw': 1500, 'attack_base_throttle': 1100, 'prev_attack_error_x': 0.0, 'prev_attack_time': None, 'prev_target_size': 0.0}
2026-04-02 19:43:50,205 - BEE-EPT-UA913 - DEBUG - Executing command: TELEMETRY, Priority: 1, Body: {'target': 'MSP_RC'}
2026-04-02 19:43:50,216 - BEE-EPT-UA913 - DEBUG - Telemetry: b'\xdc\x05\xdc\x05\xdc\x05u\x03\xf5\x05\xdc\x05\xdc\x05\xdc\x05\xdc\x05\xdc\x05\xdc\x05\xdc\x05\xdc\x05\xdc\x05\xdc\x05\xdc\x05'
2026-04-02 19:43:50,216 - BEE-EPT-UA913 - INFO - Autopilot state: {'connection': True, 'bee_state': 'READY', 'roll': 1500, 'pitch': 1500, 'yaw': 1500, 'throttle': 885, 'last_manual_roll': 1500, 'last_manual_pitch': 1500, 'last_manual_yaw': 1500, 'last_manual_throttle': 885, 'aux3': 1500, 'aux4': 1500, 'aux5': 1500, 'aux6': 1500, 'aux7': 1500, 'battery': 0, 'rssi': 0, 'rssi_msg': 'No signal', 'speed': 0.0, 'altitude': 0.84, 'caught': True, 'ready_hold_active': False, 'ready_hold_pending_capture': False, 'ready_hold_roll': 1500, 'ready_hold_pitch': 1500, 'ready_hold_yaw': 1500, 'ready_hold_throttle': 1100, 'target_locked': False, 'tracking_bbox': None, 'attack_error_x': 0.0, 'attack_error_y': 0.0, 'target_size': 0.0, 'attack_active': False, 'attack_base_roll': 1500, 'attack_base_pitch': 1500, 'attack_base_yaw': 1500, 'attack_base_throttle': 1100, 'prev_attack_error_x': 0.0, 'prev_attack_time': None, 'prev_target_size': 0.0}
2026-04-02 19:43:50,266 - BEE-EPT-UA913 - DEBUG - Executing command: MONITOR, Priority: 2, Body: {'target': 'MSP_ANALOG'}
2026-04-02 19:43:50,274 - BEE-EPT-UA913 - DEBUG - Monitoring: b'(\x00\x00\x00\x00\x00\x00\x8b\x01'
2026-04-02 19:43:50,275 - BEE-EPT-UA913 - INFO - RSSI: 0, signal: No signal, battery voltage: 4.0V
2026-04-02 19:43:50,326 - BEE-EPT-UA913 - DEBUG - Executing command: TELEMETRY, Priority: 1, Body: {'target': 'MSP_RC'}
2026-04-02 19:43:50,336 - BEE-EPT-UA913 - DEBUG - Telemetry: b'\xdc\x05\xdc\x05\xdc\x05u\x03\xf5\x05\xdc\x05\xdc\x05\xdc\x05\xdc\x05\xdc\x05\xdc\x05\xdc\x05\xdc\x05\xdc\x05\xdc\x05\xdc\x05'
2026-04-02 19:43:50,337 - BEE-EPT-UA913 - INFO - Autopilot state: {'connection': True, 'bee_state': 'READY', 'roll': 1500, 'pitch': 1500, 'yaw': 1500, 'throttle': 885, 'last_manual_roll': 1500, 'last_manual_pitch': 1500, 'last_manual_yaw': 1500, 'last_manual_throttle': 885, 'aux3': 1500, 'aux4': 1500, 'aux5': 1500, 'aux6': 1500, 'aux7': 1500, 'battery': 4.0, 'rssi': 0, 'rssi_msg': 'No signal', 'speed': 0.0, 'altitude': 0.84, 'caught': True, 'ready_hold_active': False, 'ready_hold_pending_capture': False, 'ready_hold_roll': 1500, 'ready_hold_pitch': 1500, 'ready_hold_yaw': 1500, 'ready_hold_throttle': 1100, 'target_locked': False, 'tracking_bbox': None, 'attack_error_x': 0.0, 'attack_error_y': 0.0, 'target_size': 0.0, 'attack_active': False, 'attack_base_roll': 1500, 'attack_base_pitch': 1500, 'attack_base_yaw': 1500, 'attack_base_throttle': 1100, 'prev_attack_error_x': 0.0, 'prev_attack_time': None, 'prev_target_size': 0.0}
